[{"received":1,"content":{"37":[],"44":[{"progress":null,"kind":"infantry","faction":"red","unit-key":"1st Red","strength":4},{"progress":null,"kind":"infantry","faction":"red","unit-key":"HQ Red","strength":4}],"30":[],"35":[],"46":[],"43":[],"31":[],"36":[],"29":[],"45":[],"38":[],"42":[]},"sent":1,"to":"HQ Red","from":"HQ Red"},{"received":1,"content":{"25":[],"18":[],"23":[],"4":"blue","16":[],"3":[],"24":[],"10":[{"progress":0,"kind":"infantry","faction":"blue","unit-key":"1st Blue","strength":4},{"progress":0,"kind":"infantry","faction":"blue","unit-key":"HQ Blue","strength":4}],"9":[],"19":[],"12":[],"17":[],"2":[],"5":[],"8":[],"11":[]},"sent":1,"to":"HQ Blue","from":"HQ Blue"},{"received":1,"content":{"37":[],"44":[{"progress":null,"kind":"infantry","faction":"red","unit-key":"1st Red","strength":4},{"progress":null,"kind":"infantry","faction":"red","unit-key":"HQ Red","strength":4}],"30":[],"35":[],"46":[],"43":[],"31":[],"36":[],"29":[],"45":[],"38":[],"42":[]},"sent":1,"to":"HQ Red","from":"1st Red"},{"received":1,"content":{"25":[],"18":[],"23":[],"4":"blue","16":[],"3":[],"24":[],"10":[{"progress":0,"kind":"infantry","faction":"blue","unit-key":"1st Blue","strength":4},{"progress":0,"kind":"infantry","faction":"blue","unit-key":"HQ Blue","strength":4}],"9":[],"19":[],"12":[],"17":[],"2":[],"5":[],"8":[],"11":[]},"sent":1,"to":"HQ Blue","from":"1st Blue"},{"received":0,"content":{"18":[],"4":[{"progress":0,"kind":"infantry","faction":"blue","unit-key":"1st Blue","strength":4},{"progress":0,"kind":"infantry","faction":"blue","unit-key":"HQ Blue","strength":4}],"3":[],"6":[],"10":[],"9":[],"19":[],"12":[],"17":[],"2":[],"5":[],"11":[]},"sent":0,"to":"HQ Blue","from":"1st Blue"},{"received":0,"content":{"37":[],"44":[{"progress":0,"kind":"infantry","faction":"red","unit-key":"1st Red","strength":4},{"progress":0,"kind":"infantry","faction":"red","unit-key":"HQ Red","strength":4}],"30":[],"35":[],"46":[],"43":[],"31":[],"36":[],"29":[],"45":[],"38":[],"42":[]},"sent":0,"to":"HQ Red","from":"1st Red"},{"received":0,"content":{"18":[],"4":[{"progress":0,"kind":"infantry","faction":"blue","unit-key":"1st Blue","strength":4},{"progress":0,"kind":"infantry","faction":"blue","unit-key":"HQ Blue","strength":4}],"3":[],"6":[],"10":[],"9":[],"19":[],"12":[],"17":[],"2":[],"5":[],"11":[]},"sent":0,"to":"HQ Blue","from":"HQ Blue"},{"received":0,"content":{"37":[],"44":[{"progress":0,"kind":"infantry","faction":"red","unit-key":"1st Red","strength":4},{"progress":0,"kind":"infantry","faction":"red","unit-key":"HQ Red","strength":4}],"30":[],"35":[],"46":[],"43":[],"31":[],"36":[],"29":[],"45":[],"38":[],"42":[]},"sent":0,"to":"HQ Red","from":"HQ Red"},{"received":2,"content":{"25":[],"30":[{"progress":0,"kind":"infantry","faction":"red","unit-key":"1st Red","strength":4},{"progress":0,"kind":"infantry","faction":"red","unit-key":"HQ Red","strength":4}],"18":[],"23":[],"4":"blue","16":[],"3":[],"24":[],"10":"blue","9":[],"15":[],"31":[],"22":[],"19":[],"17":[{"progress":0,"kind":"infantry","faction":"blue","unit-key":"1st Blue","strength":4},{"progress":0,"kind":"infantry","faction":"blue","unit-key":"HQ Blue","strength":4}],"2":[],"8":[],"11":[],"32":[]},"sent":2,"to":"HQ Blue","from":"1st Blue"},{"received":2,"content":{"37":[],"28":[],"44":"red","30":[{"progress":0,"kind":"infantry","faction":"red","unit-key":"1st Red","strength":4},{"progress":0,"kind":"infantry","faction":"red","unit-key":"HQ Red","strength":4}],"35":[],"23":[],"16":[],"21":[],"24":[],"15":[],"43":[],"31":[],"36":"red","22":[],"29":[],"17":[{"progress":0,"kind":"infantry","faction":"blue","unit-key":"1st Blue","strength":4},{"progress":0,"kind":"infantry","faction":"blue","unit-key":"HQ Blue","strength":4}],"45":[],"38":[],"32":[]},"sent":2,"to":"HQ Red","from":"1st Red"},{"received":2,"content":{"25":[],"30":[{"progress":0,"kind":"infantry","faction":"red","unit-key":"1st Red","strength":4},{"progress":0,"kind":"infantry","faction":"red","unit-key":"HQ Red","strength":4}],"18":[],"23":[],"4":"blue","16":[],"3":[],"24":[],"10":"blue","9":[],"15":[],"31":[],"22":[],"19":[],"17":[{"progress":0,"kind":"infantry","faction":"blue","unit-key":"1st Blue","strength":4},{"progress":0,"kind":"infantry","faction":"blue","unit-key":"HQ Blue","strength":4}],"2":[],"8":[],"11":[],"32":[]},"sent":2,"to":"HQ Blue","from":"HQ Blue"},{"received":2,"content":{"37":[],"28":[],"44":"red","30":[{"progress":0,"kind":"infantry","faction":"red","unit-key":"1st Red","strength":4},{"progress":0,"kind":"infantry","faction":"red","unit-key":"HQ Red","strength":4}],"35":[],"23":[],"16":[],"21":[],"24":[],"15":[],"43":[],"31":[],"36":"red","22":[],"29":[],"17":[{"progress":0,"kind":"infantry","faction":"blue","unit-key":"1st Blue","strength":4},{"progress":0,"kind":"infantry","faction":"blue","unit-key":"HQ Blue","strength":4}],"45":[],"38":[],"32":[]},"sent":2,"to":"HQ Red","from":"HQ Red"}]