{"10":[{"progress":0,"kind":"infantry","faction":"blue","unit-key":"1st Blue","strength":4},{"progress":0,"kind":"infantry","faction":"blue","unit-key":"HQ Blue","strength":4}],"4":"blue","44":[{"progress":null,"kind":"infantry","faction":"red","unit-key":"1st Red","strength":4},{"progress":null,"kind":"infantry","faction":"red","unit-key":"HQ Red","strength":4}]}