[{"received":1,"content":{"25":[],"18":[],"23":[],"4":"blue","16":[],"3":[],"24":[],"10":[{"progress":0,"kind":"infantry","faction":"blue","unit-key":"1st Blue","strength":4},{"progress":0,"kind":"infantry","faction":"blue","unit-key":"HQ Blue","strength":4}],"9":[],"19":[],"12":[],"17":[],"2":[],"5":[],"8":[],"11":[]},"sent":1,"to":"HQ Blue","from":"1st Blue"},{"received":1,"content":{"37":[],"44":[{"progress":null,"kind":"infantry","faction":"red","unit-key":"1st Red","strength":4},{"progress":null,"kind":"infantry","faction":"red","unit-key":"HQ Red","strength":4}],"30":[],"35":[],"46":[],"43":[],"31":[],"36":[],"29":[],"45":[],"38":[],"42":[]},"sent":1,"to":"HQ Red","from":"1st Red"},{"received":1,"content":{"25":[],"18":[],"23":[],"4":"blue","16":[],"3":[],"24":[],"10":[{"progress":0,"kind":"infantry","faction":"blue","unit-key":"1st Blue","strength":4},{"progress":0,"kind":"infantry","faction":"blue","unit-key":"HQ Blue","strength":4}],"9":[],"19":[],"12":[],"17":[],"2":[],"5":[],"8":[],"11":[]},"sent":1,"to":"HQ Blue","from":"HQ Blue"},{"received":1,"content":{"37":[],"44":[{"progress":null,"kind":"infantry","faction":"red","unit-key":"1st Red","strength":4},{"progress":null,"kind":"infantry","faction":"red","unit-key":"HQ Red","strength":4}],"30":[],"35":[],"46":[],"43":[],"31":[],"36":[],"29":[],"45":[],"38":[],"42":[]},"sent":1,"to":"HQ Red","from":"HQ Red"}]